// Jest Snapshot v1, https://goo.gl/fbAQLP

exports[`renders correctly 1`] = `
<div
  style={
    Object {
      "fontFamily": "Calibri",
      "margin": "auto",
      "maxWidth": "800px",
    }
  }
>
  <h1>
    canari-swipe examples
  </h1>
  <p>
    A few basic examples for canari-swipe
  </p>
  <a
    href="https://github.com/GeeDollaHolla/canari-swipe/tree/master/src/components"
  >
    Source Code
  </a>
  <SingleSelection
    selectionStyle={
      Object {
        "backgroundColor": "gray",
        "border": "3px solid white",
        "color": "white",
        "display": "inline-block",
        "fontFamily": "calibri",
        "height": "100px",
        "lineHeight": "100px",
        "textAlign": "center",
        "userSelect": "none",
        "verticalAlign": "middle",
        "width": "300px",
      }
    }
  />
  <Carousel
    selectionStyle={
      Object {
        "backgroundColor": "gray",
        "border": "3px solid white",
        "color": "white",
        "display": "inline-block",
        "fontFamily": "calibri",
        "height": "100px",
        "lineHeight": "100px",
        "textAlign": "center",
        "userSelect": "none",
        "verticalAlign": "middle",
        "width": "300px",
      }
    }
  />
  <Vertical
    selectionStyle={
      Object {
        "backgroundColor": "gray",
        "border": "3px solid white",
        "color": "white",
        "display": "inline-block",
        "fontFamily": "calibri",
        "height": "100px",
        "lineHeight": "100px",
        "textAlign": "center",
        "userSelect": "none",
        "verticalAlign": "middle",
        "width": "300px",
      }
    }
  />
  <Responsive
    selectionStyle={
      Object {
        "backgroundColor": "gray",
        "border": "3px solid white",
        "color": "white",
        "display": "inline-block",
        "fontFamily": "calibri",
        "height": "100px",
        "lineHeight": "100px",
        "textAlign": "center",
        "userSelect": "none",
        "verticalAlign": "middle",
        "width": "300px",
      }
    }
  />
  <div
    style={
      Object {
        "display": "inline-block",
        "height": "200px",
      }
    }
  />
</div>
`;
